:10100000EAEAEAEAEAEAEAEAEAEAEAEAEAEAEAEA40
:10101000EAEAEAEAEAEAEAEAEAEAEAEAEAEAEAEA30
:10102000EAEAEAEAEAEAEAEAEAEAEAEAEAEAEAEA20
:10103000EAEAEAEAEAEAEAEAEAEAEAEAEAEAEAEA10
:10104000EAEAEAEAEAEAEAEAEAEAEAEAEAEAEAEA00
:10105000EAEAEAEAEAEAEAEAEAEAEAEAEAEAEAEAF0
:10106000EAEAEAEAEAEAEAEAEAEAEAEAEAEAEAEAE0
:10107000EAEAEAEAEAEAEAEAEAEAEAEAEAEAD08054
:10108000EAEAEAEAEAEAEAEAEAEAEAEAEAEAEAEAC0
:10109000EAEAEAEAEAEAEAEAEAEAEAEAEAEAEAEAB0
:1010A000EAEAEAEAEAEAEAEAEAEAEAEAEAEAEAEAA0
:1010B000EAEAEAEAEAEAEAEAEAEAEAEAEAEAEAEA90
:1010C000EAEAEAEAEAEAEAEAEAEAEAEAEAEAEAEA80
:1010D000EAEAEAEAEAEAEAEAEAEAEAEAEAEAEAEA70
:1010E000EAEAEAEAEAEAEAEAEAEAEAEAEAEAEAEA60
:1010F000EAEAEAEAEAEAEAEAEAEAEAEAEAEAEAF04A
:10110000034C8010D07FEAEAEAEAEAEAEAEAEAEA8D
:10111000EAEAEAEAEAEAEAEAEAEAEAEAEAEAEAEA2F
:10112000EAEAEAEAEAEAEAEAEAEAEAEAEAEAEAEA1F
:10113000EAEAEAEAEAEAEAEAEAEAEAEAEAEAEAEA0F
:10114000EAEAEAEAEAEAEAEAEAEAEAEAEAEAEAEAFF
:10115000EAEAEAEAEAEAEAEAEAEAEAEAEAEAEAEAEF
:10116000EAEAEAEAEAEAEAEAEAEAEAEAEAEAEAEADF
:10117000EAEAEAEAEAEAEAEAEAEAEAEAEAEAEAEACF
:10118000EAEAEAEAEAF0034C0C12EAEAEAEAEAEAF4
:10119000EAEAEAEAEAEAEAEAEAEAEAEAEAEAEAEAAF
:1011A000EAEAEAEAEAEAEAEAEAEAEAEAEAEAEAEA9F
:1011B000EAEAEAEAEAEAEAEAEAEAEAEAEAEAEAEA8F
:1011C000EAEAEAEAEAEAEAEAEAEAEAEAEAEAEAEA7F
:1011D000EAEAEAEAEAEAEAEAEAEAEAEAEAEAEAEA6F
:1011E000EAEAEAEAEAEAEAEAEAEAEAEAEAEAEAEA5F
:1011F000EAEAEAEAEAEAEAEAEAEAEAEAEAEAEAEA4F
:10120000EAEAEAEAEAEAEAEAEAEAEAEAF0034C9215
:1012100012EAEAEAEAEAEAEAEAEAEAEAEAEAEAEA06
:10122000EAEAEAEAEAEAEAEAEAEAEAEAEAEAEAEA1E
:10123000EAEAEAEAEAEAEAEAEAEAEAEAEAEAEAEA0E
:10124000EAEAEAEAEAEAEAEAEAEAEAEAEAEAEAEAFE
:10125000EAEAEAEAEAEAEAEAEAEAEAEAEAEAEAEAEE
:10126000EAEAEAEAEAEAEAEAEAEAEAEAEAEAEAEADE
:10127000EAEAEAEAEAEAEAEAEAEAEAEAEAEAEAEACE
:10128000EAEAEAEAEAEAEAEAEAEAEAEAEAEAEAEABE
:02129000EAEA88
:00000001FF
